[DIAGNOSTIC] video_generator.py loaded from: C:\Users\pablob\podcast\src\video_generator.py
Traceback (most recent call last):
  File "C:\Users\pablob\podcast\test_composite.py", line 118, in <module>
    main()
  File "C:\Users\pablob\podcast\test_composite.py", line 30, in main
    print(f"\u274c Logo not found: {logo_path}")
  File "C:\Program Files\WindowsApps\PythonSoftwareFoundation.Python.3.11_3.11.2544.0_x64__qbz5n2kfra8p0\Lib\encodings\cp1252.py", line 19, in encode
    return codecs.charmap_encode(input,self.errors,encoding_table)[0]
           ^^^^^^^^^^^^^^^^^^^^^^^^^^^^^^^^^^^^^^^^^^^^^^^^^^^^^^^
UnicodeEncodeError: 'charmap' codec can't encode character '\u274c' in position 0: character maps to <undefined>
